[leoyinheichow.wixsite.com/blog-and-notes.html]
[static.parastorage.com/unpkg/core-js-bundle@3.2.1/minified.js]
[static.parastorage.com/unpkg/focus-within-polyfill@5.0.9/dist/focus-within-polyfill.js]
[backblue.gif]
[fade.gif]
[index.html]
[polyfill.io/v3/polyfill.mind82c.js]
[browser.sentry-cdn.com/6.18.2/bundle.min.js]
[leoyinheichow.wixsite.com/decodeURIComponent(e]
[leoyinheichow.wixsite.com/sitemap.xml]
[leoyinheichow.wixsite.com/feed.xml]
[static.parastorage.com/services/wix-thunderbolt/dist/bootstrap-features.80f72f6f.bundle.min.js]
[static.parastorage.com/services/wix-thunderbolt/dist/main.835b79f0.bundle.min.js]
[static.parastorage.com/unpkg/lodash@4.17.21/lodash.min.js]
[static.parastorage.com/unpkg/react@16.13.1/umd/react.production.min.js]
[static.parastorage.com/services/tag-manager-client/1.427.0/siteTags.bundle.min.js]
[static.parastorage.com/services/wix-perf-measure/1.728.0/wix-perf-measure.bundle.min.js]
[static.parastorage.com/unpkg/react-dom@16.13.1/umd/react-dom.production.min.js]
[leoyinheichow.wixsite.com/index.html]
[leoyinheichow.wixsite.com/02b07b80.min.f.delayed]
[leoyinheichow.wixsite.com/5b26625f.min.css]
[leoyinheichow.wixsite.com/eb6d72f5.chunk.min.js]
[leoyinheichow.wixsite.com/57dff8a2.chunk.min.js]
[leoyinheichow.wixsite.com/version/index.html]
[leoyinheichow.wixsite.com/rb_wixui.thunderbolt_bootstrap.1e1f34f1.chunk.min.js]
[leoyinheichow.wixsite.com/rb_wixui.thunderbolt_bootstrap-classic.89bdd4d4.chunk.min.css]
[leoyinheichow.wixsite.com/rb_wixui.thunderbolt_bootstrap-classic.eb6d72f5.chunk.min.js]
[leoyinheichow.wixsite.com/rb_wixui.thunderbolt_bootstrap-responsive.a66c1914.chunk.min.css]
[leoyinheichow.wixsite.com/rb_wixui.thunderbolt_bootstrap-responsive.57dff8a2.chunk.min.js]
[leoyinheichow.wixsite.com/blog-and-notes/about.html]
[static.wixstatic.com/media/318565_fbf58fd2dc5e4156a1712bcfe371b8e1_mv2.png/v1/fill/w_168,h_206,al_c,usm_0.66_1.00_0.01,blur_2,enc_auto/Screenshot 2022-03-31 003243.png]
[leoyinheichow.wixsite.com/blog-and-notes.html]
[leoyinheichow.wixsite.com/decodeURIComponent(e.html]
[leoyinheichow.wixsite.com/sitemap.html]
[leoyinheichow.wixsite.com/feed.html]
[leoyinheichow.wixsite.com/index.html]
[leoyinheichow.wixsite.com/version/index.html]
[leoyinheichow.wixsite.com/02b07b80.min.html]
[leoyinheichow.wixsite.com/5b26625f.min.html]
[leoyinheichow.wixsite.com/eb6d72f5.chunk.min.html]
[leoyinheichow.wixsite.com/57dff8a2.chunk.min.html]
[leoyinheichow.wixsite.com/rb_wixui.thunderbolt_bootstrap.1e1f34f1.chunk.min.html]
[leoyinheichow.wixsite.com/rb_wixui.thunderbolt_bootstrap-classic.89bdd4d4.chunk.min.html]
[leoyinheichow.wixsite.com/rb_wixui.thunderbolt_bootstrap-classic.eb6d72f5.chunk.min.html]
[leoyinheichow.wixsite.com/rb_wixui.thunderbolt_bootstrap-responsive.a66c1914.chunk.min.html]
[leoyinheichow.wixsite.com/rb_wixui.thunderbolt_bootstrap-responsive.57dff8a2.chunk.min.html]
[leoyinheichow.wixsite.com/blog-and-notes/decodeURIComponent(e]
[leoyinheichow.wixsite.com/blog-and-notes/robots.txt]
[leoyinheichow.wixsite.com/blog-and-notes/sitemap.xml]
[leoyinheichow.wixsite.com/blog-and-notes/feed.xml]
[leoyinheichow.wixsite.com/blog-and-notes/version/index.html]
[leoyinheichow.wixsite.com/blog-and-notes/5b26625f.min.css]
[leoyinheichow.wixsite.com/blog-and-notes/eb6d72f5.chunk.min.js]
[leoyinheichow.wixsite.com/blog-and-notes/57dff8a2.chunk.min.js]
[leoyinheichow.wixsite.com/blog-and-notes/rb_wixui.thunderbolt_bootstrap.1e1f34f1.chunk.min.js]
[leoyinheichow.wixsite.com/blog-and-notes/rb_wixui.thunderbolt_bootstrap-classic.89bdd4d4.chunk.min.css]
[leoyinheichow.wixsite.com/blog-and-notes/rb_wixui.thunderbolt_bootstrap-classic.eb6d72f5.chunk.min.js]
[leoyinheichow.wixsite.com/blog-and-notes/rb_wixui.thunderbolt_bootstrap-responsive.a66c1914.chunk.min.css]
[leoyinheichow.wixsite.com/blog-and-notes/rb_wixui.thunderbolt_bootstrap-responsive.57dff8a2.chunk.min.js]
[static.wixstatic.com/media/318565_b5d691c0c2854d3cbe25ef94f473f40f_mv2.jpg/v1/fill/w_176,h_264,al_c,q_80,usm_0.66_1.00_0.01,blur_2,enc_auto/318565_b5d691c0c2854d3cbe25ef94f473f40f_mv2.jpg]
[leoyinheichow.wixsite.com/blog-and-notes/about.html]
[static.wixstatic.com/media/318565_821b0549aea34d949dbd8b9bea29b45a_mv2.jpeg/v1/fill/w_196,h_148,al_c,q_80,usm_0.66_1.00_0.01,blur_2,enc_auto/318565_821b0549aea34d949dbd8b9bea29b45a_mv2.jpg]
[leoyinheichow.wixsite.com/blog-and-notes/decodeURIComponent(e.html]
[leoyinheichow.wixsite.com/blog-and-notes/robots.html]
[leoyinheichow.wixsite.com/blog-and-notes/feed.html]
[leoyinheichow.wixsite.com/blog-and-notes/version/index.html]
[leoyinheichow.wixsite.com/blog-and-notes/5b26625f.min.html]
[leoyinheichow.wixsite.com/blog-and-notes/eb6d72f5.chunk.min.html]
[leoyinheichow.wixsite.com/blog-and-notes/57dff8a2.chunk.min.html]
[leoyinheichow.wixsite.com/blog-and-notes/rb_wixui.thunderbolt_bootstrap.1e1f34f1.chunk.min.html]
[leoyinheichow.wixsite.com/blog-and-notes/rb_wixui.thunderbolt_bootstrap-classic.89bdd4d4.chunk.min.html]
[leoyinheichow.wixsite.com/blog-and-notes/rb_wixui.thunderbolt_bootstrap-classic.eb6d72f5.chunk.min.html]
[leoyinheichow.wixsite.com/blog-and-notes/rb_wixui.thunderbolt_bootstrap-responsive.a66c1914.chunk.min.html]
[leoyinheichow.wixsite.com/blog-and-notes/rb_wixui.thunderbolt_bootstrap-responsive.57dff8a2.chunk.min.html]
